06-23 20:30:06.228 12604 12636 I TestRunner: started: entree_menu_item_content(com.example.lunchtray.MenuContentTests)
06-23 20:30:06.233  2065  7692 D EGL_emulation: eglMakeCurrent: 0xe8250ea0: ver 3 0 (tinfo 0xc420a260)
06-23 20:30:06.260 12604 12604 D LifecycleMonitor: Lifecycle status change: androidx.fragment.app.testing.FragmentScenario$EmptyFragmentActivity@5c97b66 in: DESTROYED
06-23 20:30:06.300 12604 12636 W Settings: Setting always_finish_activities has moved from android.provider.Settings.System to android.provider.Settings.Global, returning read-only value.
06-23 20:30:06.364  2065  2078 I system_server: WaitForGcToComplete blocked NativeAlloc on None for 11.254ms
06-23 20:30:06.382  2065  2962 W InputReader: Device has associated, but no associated display id.
06-23 20:30:06.417  2065  2962 I chatty  : uid=1000(system) Binder:2065_A identical 28 lines
06-23 20:30:06.417  2065  2962 W InputReader: Device has associated, but no associated display id.
06-23 20:30:06.418 12604 12604 W ActivityThread: handleWindowVisibility: no activity for token android.os.BinderProxy@90087d6
06-23 20:30:06.419  2065  2962 W InputReader: Device has associated, but no associated display id.
06-23 20:30:06.419  2065  2962 I chatty  : uid=1000(system) Binder:2065_A identical 8 lines
06-23 20:30:06.419  2065  2962 W InputReader: Device has associated, but no associated display id.
06-23 20:30:06.425  1769  1819 D gralloc_ranchu: gralloc_alloc: Creating ashmem region of size 17051648
06-23 20:30:06.427 12604 12604 D LifecycleMonitor: Lifecycle status change: androidx.test.core.app.InstrumentationActivityInvoker$BootstrapActivity@4213a57 in: PRE_ON_CREATE
06-23 20:30:06.427 12604 12604 V ActivityScenario: Activity lifecycle changed event received but ignored because the intent does not match. startActivityIntent=Intent { act=android.intent.action.MAIN cat=[android.intent.category.LAUNCHER] cmp=com.example.lunchtray/androidx.fragment.app.testing.FragmentScenario$EmptyFragmentActivity (has extras) }, activity.getIntent()=Intent { act=android.intent.action.MAIN cat=[android.intent.category.LAUNCHER] flg=0x10008000 cmp=com.example.lunchtray/androidx.test.core.app.InstrumentationActivityInvoker$BootstrapActivity (has extras) }, activity=androidx.test.core.app.InstrumentationActivityInvoker$BootstrapActivity@4213a57
06-23 20:30:06.466 12604 12604 D LifecycleMonitor: Lifecycle status change: androidx.test.core.app.InstrumentationActivityInvoker$BootstrapActivity@4213a57 in: CREATED
06-23 20:30:06.466 12604 12604 V ActivityScenario: Activity lifecycle changed event received but ignored because the intent does not match. startActivityIntent=Intent { act=android.intent.action.MAIN cat=[android.intent.category.LAUNCHER] cmp=com.example.lunchtray/androidx.fragment.app.testing.FragmentScenario$EmptyFragmentActivity (has extras) }, activity.getIntent()=Intent { act=android.intent.action.MAIN cat=[android.intent.category.LAUNCHER] flg=0x10008000 cmp=com.example.lunchtray/androidx.test.core.app.InstrumentationActivityInvoker$BootstrapActivity (has extras) }, activity=androidx.test.core.app.InstrumentationActivityInvoker$BootstrapActivity@4213a57
06-23 20:30:06.471 12604 12604 D LifecycleMonitor: Lifecycle status change: androidx.test.core.app.InstrumentationActivityInvoker$BootstrapActivity@4213a57 in: STARTED
06-23 20:30:06.471 12604 12604 V ActivityScenario: Activity lifecycle changed event received but ignored because the intent does not match. startActivityIntent=Intent { act=android.intent.action.MAIN cat=[android.intent.category.LAUNCHER] cmp=com.example.lunchtray/androidx.fragment.app.testing.FragmentScenario$EmptyFragmentActivity (has extras) }, activity.getIntent()=Intent { act=android.intent.action.MAIN cat=[android.intent.category.LAUNCHER] flg=0x10008000 cmp=com.example.lunchtray/androidx.test.core.app.InstrumentationActivityInvoker$BootstrapActivity (has extras) }, activity=androidx.test.core.app.InstrumentationActivityInvoker$BootstrapActivity@4213a57
06-23 20:30:06.478 12604 12604 D LifecycleMonitor: Lifecycle status change: androidx.test.core.app.InstrumentationActivityInvoker$BootstrapActivity@4213a57 in: RESUMED
06-23 20:30:06.478 12604 12604 V ActivityScenario: Activity lifecycle changed event received but ignored because the intent does not match. startActivityIntent=Intent { act=android.intent.action.MAIN cat=[android.intent.category.LAUNCHER] cmp=com.example.lunchtray/androidx.fragment.app.testing.FragmentScenario$EmptyFragmentActivity (has extras) }, activity.getIntent()=Intent { act=android.intent.action.MAIN cat=[android.intent.category.LAUNCHER] flg=0x10008000 cmp=com.example.lunchtray/androidx.test.core.app.InstrumentationActivityInvoker$BootstrapActivity (has extras) }, activity=androidx.test.core.app.InstrumentationActivityInvoker$BootstrapActivity@4213a57
06-23 20:30:06.480 12604 12604 D LifecycleMonitor: Lifecycle status change: androidx.test.core.app.InstrumentationActivityInvoker$BootstrapActivity@4213a57 in: PAUSED
06-23 20:30:06.480 12604 12604 V ActivityScenario: Activity lifecycle changed event received but ignored because the intent does not match. startActivityIntent=Intent { act=android.intent.action.MAIN cat=[android.intent.category.LAUNCHER] cmp=com.example.lunchtray/androidx.fragment.app.testing.FragmentScenario$EmptyFragmentActivity (has extras) }, activity.getIntent()=Intent { act=android.intent.action.MAIN cat=[android.intent.category.LAUNCHER] flg=0x10008000 cmp=com.example.lunchtray/androidx.test.core.app.InstrumentationActivityInvoker$BootstrapActivity (has extras) }, activity=androidx.test.core.app.InstrumentationActivityInvoker$BootstrapActivity@4213a57
06-23 20:30:06.481  2065  4759 W InputReader: Device has associated, but no associated display id.
06-23 20:30:06.490  2065  4759 I chatty  : uid=1000(system) Binder:2065_1E identical 48 lines
06-23 20:30:06.490  2065  4759 W InputReader: Device has associated, but no associated display id.
06-23 20:30:06.497 12604 12604 W ActivityThread: handleWindowVisibility: no activity for token android.os.BinderProxy@fb4f5b0
06-23 20:30:06.524 12604 12604 D LifecycleMonitor: Lifecycle status change: androidx.fragment.app.testing.FragmentScenario$EmptyFragmentActivity@96bbcdc in: PRE_ON_CREATE
06-23 20:30:06.524 12604 12604 V ActivityScenario: Activity lifecycle changed event received but ignored because the reported transition was not ON_CREATE while the last known transition was PRE_ON_CREATE
06-23 20:30:06.535 12604 12604 D LifecycleMonitor: Lifecycle status change: androidx.fragment.app.testing.FragmentScenario$EmptyFragmentActivity@96bbcdc in: CREATED
06-23 20:30:06.536 12604 12604 V ActivityScenario: Update currentActivityStage to CREATED, currentActivity=androidx.fragment.app.testing.FragmentScenario$EmptyFragmentActivity@96bbcdc
06-23 20:30:06.536  2065  2099 W InputReader: Device has associated, but no associated display id.
06-23 20:30:06.537  2065  2099 I chatty  : uid=1000(system) android.anim identical 8 lines
06-23 20:30:06.537  2065  2099 W InputReader: Device has associated, but no associated display id.
06-23 20:30:06.544 12604 12604 D LifecycleMonitor: Lifecycle status change: androidx.fragment.app.testing.FragmentScenario$EmptyFragmentActivity@96bbcdc in: STARTED
06-23 20:30:06.544 12604 12604 V ActivityScenario: Update currentActivityStage to STARTED, currentActivity=androidx.fragment.app.testing.FragmentScenario$EmptyFragmentActivity@96bbcdc
06-23 20:30:06.545 12604 12604 D LifecycleMonitor: Lifecycle status change: androidx.fragment.app.testing.FragmentScenario$EmptyFragmentActivity@96bbcdc in: RESUMED
06-23 20:30:06.545 12604 12604 V ActivityScenario: Update currentActivityStage to RESUMED, currentActivity=androidx.fragment.app.testing.FragmentScenario$EmptyFragmentActivity@96bbcdc
06-23 20:30:06.553  4184  4344 D EGL_emulation: eglMakeCurrent: 0xe011b4a0: ver 3 0 (tinfo 0xe010fcc0)
06-23 20:30:06.576  2909  3672 D EGL_emulation: eglMakeCurrent: 0xe011a900: ver 3 0 (tinfo 0xe010f8c0)
06-23 20:30:06.594  2240  2530 D EGL_emulation: eglMakeCurrent: 0xe81c4940: ver 3 0 (tinfo 0xdcd41670)
06-23 20:30:06.603  1769  1819 D gralloc_ranchu: gralloc_alloc: Creating ashmem region of size 17051648
06-23 20:30:06.635  1769  1819 D gralloc_ranchu: gralloc_alloc: Creating ashmem region of size 17051648
06-23 20:30:06.651  1769  2786 D gralloc_ranchu: gralloc_alloc: Creating ashmem region of size 17051648
06-23 20:30:06.676  2240  2530 D EGL_emulation: eglMakeCurrent: 0xe81c4940: ver 3 0 (tinfo 0xdcd41670)
06-23 20:30:06.684 12604 12638 D EGL_emulation: eglMakeCurrent: 0xf357fd00: ver 3 0 (tinfo 0xf35c0da0)
06-23 20:30:06.703  2065  2103 I ActivityTaskManager: Displayed com.example.lunchtray/androidx.fragment.app.testing.FragmentScenario$EmptyFragmentActivity: +370ms
06-23 20:30:06.716  2240  2530 D EGL_emulation: eglMakeCurrent: 0xe81c4940: ver 3 0 (tinfo 0xdcd41670)
06-23 20:30:06.734  2240  2530 D EGL_emulation: eglMakeCurrent: 0xe81c4940: ver 3 0 (tinfo 0xdcd41670)
06-23 20:30:06.806  4184  9123 I PBSessionCacheImpl: Deleted sessionId[153998827195] from persistence.
06-23 20:30:06.827  4184  4268 W SearchServiceCore: Abort, client detached.
06-23 20:30:06.866 12604 12604 D LifecycleMonitor: Lifecycle status change: androidx.test.core.app.InstrumentationActivityInvoker$BootstrapActivity@4213a57 in: STOPPED
06-23 20:30:06.866 12604 12604 V ActivityScenario: Activity lifecycle changed event received but ignored because the intent does not match. startActivityIntent=Intent { act=android.intent.action.MAIN cat=[android.intent.category.LAUNCHER] cmp=com.example.lunchtray/androidx.fragment.app.testing.FragmentScenario$EmptyFragmentActivity (has extras) }, activity.getIntent()=Intent { act=android.intent.action.MAIN cat=[android.intent.category.LAUNCHER] flg=0x10008000 cmp=com.example.lunchtray/androidx.test.core.app.InstrumentationActivityInvoker$BootstrapActivity (has extras) }, activity=androidx.test.core.app.InstrumentationActivityInvoker$BootstrapActivity@4213a57
06-23 20:30:06.880  2065  2078 I system_server: NativeAlloc concurrent copying GC freed 52578(3421KB) AllocSpace objects, 14(424KB) LOS objects, 18% free, 26MB/32MB, paused 2.004ms total 515.972ms
06-23 20:30:06.970 12604 12604 I ViewInteraction: Checking 'MatchesViewAssertion{viewMatcher=an instance of android.widget.TextView and view.getText() with or without transformation to match: a string containing "Cauliflower"}' assertion on view view.getId() is <2131230844/com.example.lunchtray:id/cauliflower>
06-23 20:30:06.978 12604 12604 I ViewInteraction: Checking 'MatchesViewAssertion{viewMatcher=an instance of android.widget.TextView and view.getText() with or without transformation to match: a string containing "Whole cauliflower"}' assertion on view view.getId() is <2131230845/com.example.lunchtray:id/cauliflower_description>
06-23 20:30:06.988 12604 12604 I ViewInteraction: Checking 'MatchesViewAssertion{viewMatcher=an instance of android.widget.TextView and view.getText() with or without transformation to match: a string containing "$7.00"}' assertion on view view.getId() is <2131230846/com.example.lunchtray:id/cauliflower_price>
06-23 20:30:06.997 12604 12604 I ViewInteraction: Checking 'MatchesViewAssertion{viewMatcher=an instance of android.widget.TextView and view.getText() with or without transformation to match: a string containing "Three Bean Chili"}' assertion on view view.getId() is <2131230858/com.example.lunchtray:id/chili>
06-23 20:30:07.007 12604 12604 I ViewInteraction: Checking 'MatchesViewAssertion{viewMatcher=an instance of android.widget.TextView and view.getText() with or without transformation to match: a string containing "Black beans"}' assertion on view view.getId() is <2131230859/com.example.lunchtray:id/chili_description>
06-23 20:30:07.013 12604 12604 I ViewInteraction: Checking 'MatchesViewAssertion{viewMatcher=an instance of android.widget.TextView and view.getText() with or without transformation to match: a string containing "$4.00"}' assertion on view view.getId() is <2131230860/com.example.lunchtray:id/chili_price>
06-23 20:30:07.017 12604 12604 I ViewInteraction: Checking 'MatchesViewAssertion{viewMatcher=an instance of android.widget.TextView and view.getText() with or without transformation to match: a string containing "Mushroom Pasta"}' assertion on view view.getId() is <2131231107/com.example.lunchtray:id/pasta>
06-23 20:30:07.020 12604 12604 I ViewInteraction: Checking 'MatchesViewAssertion{viewMatcher=an instance of android.widget.TextView and view.getText() with or without transformation to match: a string containing "Penne pasta"}' assertion on view view.getId() is <2131231108/com.example.lunchtray:id/pasta_description>
06-23 20:30:07.024 12604 12604 I ViewInteraction: Checking 'MatchesViewAssertion{viewMatcher=an instance of android.widget.TextView and view.getText() with or without transformation to match: a string containing "$5.50"}' assertion on view view.getId() is <2131231109/com.example.lunchtray:id/pasta_price>
06-23 20:30:07.027 12604 12604 I ViewInteraction: Checking 'MatchesViewAssertion{viewMatcher=an instance of android.widget.TextView and view.getText() with or without transformation to match: a string containing "Spicy Black Bean"}' assertion on view view.getId() is <2131231176/com.example.lunchtray:id/skillet>
06-23 20:30:07.030 12604 12604 I ViewInteraction: Checking 'MatchesViewAssertion{viewMatcher=an instance of android.widget.TextView and view.getText() with or without transformation to match: a string containing "Seasonal vegetables"}' assertion on view view.getId() is <2131231177/com.example.lunchtray:id/skillet_description>
06-23 20:30:07.033 12604 12604 I ViewInteraction: Checking 'MatchesViewAssertion{viewMatcher=an instance of android.widget.TextView and view.getText() with or without transformation to match: a string containing "$5.50"}' assertion on view view.getId() is <2131231178/com.example.lunchtray:id/skillet_price>
06-23 20:30:07.034 12604 12636 I TestRunner: finished: entree_menu_item_content(com.example.lunchtray.MenuContentTests)
