06-23 20:30:26.989 12604 12636 I TestRunner: started: navigate_to_side_menu_from_entree_menu(com.example.lunchtray.NavigationTests)
06-23 20:30:27.004 12604 12636 W Settings: Setting always_finish_activities has moved from android.provider.Settings.System to android.provider.Settings.Global, returning read-only value.
06-23 20:30:27.060  2065  2085 W InputReader: Device has associated, but no associated display id.
06-23 20:30:27.065  2065  2085 I chatty  : uid=1000(system) Binder:2065_2 identical 28 lines
06-23 20:30:27.065  2065  2085 W InputReader: Device has associated, but no associated display id.
06-23 20:30:27.069 12604 12604 W ActivityThread: handleWindowVisibility: no activity for token android.os.BinderProxy@d4847dd
06-23 20:30:27.072  2065  2085 W InputReader: Device has associated, but no associated display id.
06-23 20:30:27.080  2065  2085 I chatty  : uid=1000(system) Binder:2065_2 identical 8 lines
06-23 20:30:27.080  2065  2085 W InputReader: Device has associated, but no associated display id.
06-23 20:30:27.098 12604 12604 D LifecycleMonitor: Lifecycle status change: androidx.test.core.app.InstrumentationActivityInvoker$BootstrapActivity@f9a1f52 in: PRE_ON_CREATE
06-23 20:30:27.099 12604 12604 V ActivityScenario: Activity lifecycle changed event received but ignored because the intent does not match. startActivityIntent=Intent { act=android.intent.action.MAIN cat=[android.intent.category.LAUNCHER] cmp=com.example.lunchtray/androidx.fragment.app.testing.FragmentScenario$EmptyFragmentActivity (has extras) }, activity.getIntent()=Intent { act=android.intent.action.MAIN cat=[android.intent.category.LAUNCHER] flg=0x10008000 cmp=com.example.lunchtray/androidx.test.core.app.InstrumentationActivityInvoker$BootstrapActivity (has extras) }, activity=androidx.test.core.app.InstrumentationActivityInvoker$BootstrapActivity@f9a1f52
06-23 20:30:27.099 12604 12604 V ActivityScenario: Activity lifecycle changed event received but ignored because the intent does not match. startActivityIntent=Intent { act=android.intent.action.MAIN cat=[android.intent.category.LAUNCHER] cmp=com.example.lunchtray/androidx.fragment.app.testing.FragmentScenario$EmptyFragmentActivity (has extras) }, activity.getIntent()=Intent { act=android.intent.action.MAIN cat=[android.intent.category.LAUNCHER] flg=0x10008000 cmp=com.example.lunchtray/androidx.test.core.app.InstrumentationActivityInvoker$BootstrapActivity (has extras) }, activity=androidx.test.core.app.InstrumentationActivityInvoker$BootstrapActivity@f9a1f52
06-23 20:30:27.113  1769  1819 D gralloc_ranchu: gralloc_alloc: Creating ashmem region of size 17051648
06-23 20:30:27.122 12604 12604 D LifecycleMonitor: Lifecycle status change: androidx.test.core.app.InstrumentationActivityInvoker$BootstrapActivity@f9a1f52 in: CREATED
06-23 20:30:27.122 12604 12604 V ActivityScenario: Activity lifecycle changed event received but ignored because the intent does not match. startActivityIntent=Intent { act=android.intent.action.MAIN cat=[android.intent.category.LAUNCHER] cmp=com.example.lunchtray/androidx.fragment.app.testing.FragmentScenario$EmptyFragmentActivity (has extras) }, activity.getIntent()=Intent { act=android.intent.action.MAIN cat=[android.intent.category.LAUNCHER] flg=0x10008000 cmp=com.example.lunchtray/androidx.test.core.app.InstrumentationActivityInvoker$BootstrapActivity (has extras) }, activity=androidx.test.core.app.InstrumentationActivityInvoker$BootstrapActivity@f9a1f52
06-23 20:30:27.122 12604 12604 V ActivityScenario: Activity lifecycle changed event received but ignored because the intent does not match. startActivityIntent=Intent { act=android.intent.action.MAIN cat=[android.intent.category.LAUNCHER] cmp=com.example.lunchtray/androidx.fragment.app.testing.FragmentScenario$EmptyFragmentActivity (has extras) }, activity.getIntent()=Intent { act=android.intent.action.MAIN cat=[android.intent.category.LAUNCHER] flg=0x10008000 cmp=com.example.lunchtray/androidx.test.core.app.InstrumentationActivityInvoker$BootstrapActivity (has extras) }, activity=androidx.test.core.app.InstrumentationActivityInvoker$BootstrapActivity@f9a1f52
06-23 20:30:27.129 12604 12604 D LifecycleMonitor: Lifecycle status change: androidx.test.core.app.InstrumentationActivityInvoker$BootstrapActivity@f9a1f52 in: STARTED
06-23 20:30:27.129 12604 12604 V ActivityScenario: Activity lifecycle changed event received but ignored because the intent does not match. startActivityIntent=Intent { act=android.intent.action.MAIN cat=[android.intent.category.LAUNCHER] cmp=com.example.lunchtray/androidx.fragment.app.testing.FragmentScenario$EmptyFragmentActivity (has extras) }, activity.getIntent()=Intent { act=android.intent.action.MAIN cat=[android.intent.category.LAUNCHER] flg=0x10008000 cmp=com.example.lunchtray/androidx.test.core.app.InstrumentationActivityInvoker$BootstrapActivity (has extras) }, activity=androidx.test.core.app.InstrumentationActivityInvoker$BootstrapActivity@f9a1f52
06-23 20:30:27.130 12604 12604 V ActivityScenario: Activity lifecycle changed event received but ignored because the intent does not match. startActivityIntent=Intent { act=android.intent.action.MAIN cat=[android.intent.category.LAUNCHER] cmp=com.example.lunchtray/androidx.fragment.app.testing.FragmentScenario$EmptyFragmentActivity (has extras) }, activity.getIntent()=Intent { act=android.intent.action.MAIN cat=[android.intent.category.LAUNCHER] flg=0x10008000 cmp=com.example.lunchtray/androidx.test.core.app.InstrumentationActivityInvoker$BootstrapActivity (has extras) }, activity=androidx.test.core.app.InstrumentationActivityInvoker$BootstrapActivity@f9a1f52
06-23 20:30:27.177 12604 12604 D LifecycleMonitor: Lifecycle status change: androidx.test.core.app.InstrumentationActivityInvoker$BootstrapActivity@f9a1f52 in: RESUMED
06-23 20:30:27.177 12604 12604 V ActivityScenario: Activity lifecycle changed event received but ignored because the intent does not match. startActivityIntent=Intent { act=android.intent.action.MAIN cat=[android.intent.category.LAUNCHER] cmp=com.example.lunchtray/androidx.fragment.app.testing.FragmentScenario$EmptyFragmentActivity (has extras) }, activity.getIntent()=Intent { act=android.intent.action.MAIN cat=[android.intent.category.LAUNCHER] flg=0x10008000 cmp=com.example.lunchtray/androidx.test.core.app.InstrumentationActivityInvoker$BootstrapActivity (has extras) }, activity=androidx.test.core.app.InstrumentationActivityInvoker$BootstrapActivity@f9a1f52
06-23 20:30:27.178 12604 12604 V ActivityScenario: Activity lifecycle changed event received but ignored because the intent does not match. startActivityIntent=Intent { act=android.intent.action.MAIN cat=[android.intent.category.LAUNCHER] cmp=com.example.lunchtray/androidx.fragment.app.testing.FragmentScenario$EmptyFragmentActivity (has extras) }, activity.getIntent()=Intent { act=android.intent.action.MAIN cat=[android.intent.category.LAUNCHER] flg=0x10008000 cmp=com.example.lunchtray/androidx.test.core.app.InstrumentationActivityInvoker$BootstrapActivity (has extras) }, activity=androidx.test.core.app.InstrumentationActivityInvoker$BootstrapActivity@f9a1f52
06-23 20:30:27.180 12604 12604 D LifecycleMonitor: Lifecycle status change: androidx.test.core.app.InstrumentationActivityInvoker$BootstrapActivity@f9a1f52 in: PAUSED
06-23 20:30:27.180 12604 12604 V ActivityScenario: Activity lifecycle changed event received but ignored because the intent does not match. startActivityIntent=Intent { act=android.intent.action.MAIN cat=[android.intent.category.LAUNCHER] cmp=com.example.lunchtray/androidx.fragment.app.testing.FragmentScenario$EmptyFragmentActivity (has extras) }, activity.getIntent()=Intent { act=android.intent.action.MAIN cat=[android.intent.category.LAUNCHER] flg=0x10008000 cmp=com.example.lunchtray/androidx.test.core.app.InstrumentationActivityInvoker$BootstrapActivity (has extras) }, activity=androidx.test.core.app.InstrumentationActivityInvoker$BootstrapActivity@f9a1f52
06-23 20:30:27.181 12604 12604 V ActivityScenario: Activity lifecycle changed event received but ignored because the intent does not match. startActivityIntent=Intent { act=android.intent.action.MAIN cat=[android.intent.category.LAUNCHER] cmp=com.example.lunchtray/androidx.fragment.app.testing.FragmentScenario$EmptyFragmentActivity (has extras) }, activity.getIntent()=Intent { act=android.intent.action.MAIN cat=[android.intent.category.LAUNCHER] flg=0x10008000 cmp=com.example.lunchtray/androidx.test.core.app.InstrumentationActivityInvoker$BootstrapActivity (has extras) }, activity=androidx.test.core.app.InstrumentationActivityInvoker$BootstrapActivity@f9a1f52
06-23 20:30:27.185  2065  4644 W InputReader: Device has associated, but no associated display id.
06-23 20:30:27.192  2065  4644 I chatty  : uid=1000(system) Binder:2065_1C identical 48 lines
06-23 20:30:27.192  2065  4644 W InputReader: Device has associated, but no associated display id.
06-23 20:30:27.195 12604 12604 W ActivityThread: handleWindowVisibility: no activity for token android.os.BinderProxy@6c51d7f
06-23 20:30:27.208 12604 12604 D LifecycleMonitor: Lifecycle status change: androidx.fragment.app.testing.FragmentScenario$EmptyFragmentActivity@618129b in: PRE_ON_CREATE
06-23 20:30:27.208 12604 12604 V ActivityScenario: Activity lifecycle changed event received but ignored because the reported transition was not ON_CREATE while the last known transition was DESTROYED
06-23 20:30:27.208 12604 12604 V ActivityScenario: Activity lifecycle changed event received but ignored because the reported transition was not ON_CREATE while the last known transition was PRE_ON_CREATE
06-23 20:30:27.224 12604 12604 D LifecycleMonitor: Lifecycle status change: androidx.fragment.app.testing.FragmentScenario$EmptyFragmentActivity@618129b in: CREATED
06-23 20:30:27.225 12604 12604 V ActivityScenario: Update currentActivityStage to CREATED, currentActivity=androidx.fragment.app.testing.FragmentScenario$EmptyFragmentActivity@618129b
06-23 20:30:27.225 12604 12604 V ActivityScenario: Update currentActivityStage to CREATED, currentActivity=androidx.fragment.app.testing.FragmentScenario$EmptyFragmentActivity@618129b
06-23 20:30:27.228  2065  2099 W InputReader: Device has associated, but no associated display id.
06-23 20:30:27.228  2065  2099 I chatty  : uid=1000(system) android.anim identical 8 lines
06-23 20:30:27.228  2065  2099 W InputReader: Device has associated, but no associated display id.
06-23 20:30:27.239  4184  4344 D EGL_emulation: eglMakeCurrent: 0xe011b4a0: ver 3 0 (tinfo 0xe010fcc0)
06-23 20:30:27.263  2240  2530 D EGL_emulation: eglMakeCurrent: 0xe81c4940: ver 3 0 (tinfo 0xdcd41670)
06-23 20:30:27.280  2240  2530 D EGL_emulation: eglMakeCurrent: 0xe81c4940: ver 3 0 (tinfo 0xdcd41670)
06-23 20:30:27.287 12604 12604 D LifecycleMonitor: Lifecycle status change: androidx.fragment.app.testing.FragmentScenario$EmptyFragmentActivity@618129b in: STARTED
06-23 20:30:27.287 12604 12604 V ActivityScenario: Update currentActivityStage to STARTED, currentActivity=androidx.fragment.app.testing.FragmentScenario$EmptyFragmentActivity@618129b
06-23 20:30:27.287 12604 12604 V ActivityScenario: Update currentActivityStage to STARTED, currentActivity=androidx.fragment.app.testing.FragmentScenario$EmptyFragmentActivity@618129b
06-23 20:30:27.287  2909  3672 D EGL_emulation: eglMakeCurrent: 0xe011a900: ver 3 0 (tinfo 0xe010f8c0)
06-23 20:30:27.288 12604 12604 D LifecycleMonitor: Lifecycle status change: androidx.fragment.app.testing.FragmentScenario$EmptyFragmentActivity@618129b in: RESUMED
06-23 20:30:27.288 12604 12604 V ActivityScenario: Update currentActivityStage to RESUMED, currentActivity=androidx.fragment.app.testing.FragmentScenario$EmptyFragmentActivity@618129b
06-23 20:30:27.288 12604 12604 V ActivityScenario: Update currentActivityStage to RESUMED, currentActivity=androidx.fragment.app.testing.FragmentScenario$EmptyFragmentActivity@618129b
06-23 20:30:27.302  2240  2530 D EGL_emulation: eglMakeCurrent: 0xe81c4940: ver 3 0 (tinfo 0xdcd41670)
06-23 20:30:27.330  2240  2530 I chatty  : uid=10110(com.android.systemui) RenderThread identical 1 line
06-23 20:30:27.346  2240  2530 D EGL_emulation: eglMakeCurrent: 0xe81c4940: ver 3 0 (tinfo 0xdcd41670)
06-23 20:30:27.347  1769  1819 D gralloc_ranchu: gralloc_alloc: Creating ashmem region of size 17051648
06-23 20:30:27.378  2240  2530 D EGL_emulation: eglMakeCurrent: 0xe81c4940: ver 3 0 (tinfo 0xdcd41670)
06-23 20:30:27.379  1769  1819 D gralloc_ranchu: gralloc_alloc: Creating ashmem region of size 17051648
06-23 20:30:27.396 12604 12638 D EGL_emulation: eglMakeCurrent: 0xf357fd00: ver 3 0 (tinfo 0xf35c0da0)
06-23 20:30:27.401  1769  2786 D gralloc_ranchu: gralloc_alloc: Creating ashmem region of size 17051648
06-23 20:30:27.428  2065  2103 I ActivityTaskManager: Displayed com.example.lunchtray/androidx.fragment.app.testing.FragmentScenario$EmptyFragmentActivity: +386ms
06-23 20:30:27.433  2240  2530 D EGL_emulation: eglMakeCurrent: 0xe81c4940: ver 3 0 (tinfo 0xdcd41670)
06-23 20:30:27.462  2240  2530 D EGL_emulation: eglMakeCurrent: 0xe81c4940: ver 3 0 (tinfo 0xdcd41670)
06-23 20:30:27.497  4184  9110 I PBSessionCacheImpl: Deleted sessionId[153998827205] from persistence.
06-23 20:30:27.519  4184  4268 W SearchServiceCore: Abort, client detached.
06-23 20:30:27.526 12604 12604 D LifecycleMonitor: Lifecycle status change: androidx.test.core.app.InstrumentationActivityInvoker$BootstrapActivity@f9a1f52 in: STOPPED
06-23 20:30:27.526 12604 12604 V ActivityScenario: Activity lifecycle changed event received but ignored because the intent does not match. startActivityIntent=Intent { act=android.intent.action.MAIN cat=[android.intent.category.LAUNCHER] cmp=com.example.lunchtray/androidx.fragment.app.testing.FragmentScenario$EmptyFragmentActivity (has extras) }, activity.getIntent()=Intent { act=android.intent.action.MAIN cat=[android.intent.category.LAUNCHER] flg=0x10008000 cmp=com.example.lunchtray/androidx.test.core.app.InstrumentationActivityInvoker$BootstrapActivity (has extras) }, activity=androidx.test.core.app.InstrumentationActivityInvoker$BootstrapActivity@f9a1f52
06-23 20:30:27.526 12604 12604 V ActivityScenario: Activity lifecycle changed event received but ignored because the intent does not match. startActivityIntent=Intent { act=android.intent.action.MAIN cat=[android.intent.category.LAUNCHER] cmp=com.example.lunchtray/androidx.fragment.app.testing.FragmentScenario$EmptyFragmentActivity (has extras) }, activity.getIntent()=Intent { act=android.intent.action.MAIN cat=[android.intent.category.LAUNCHER] flg=0x10008000 cmp=com.example.lunchtray/androidx.test.core.app.InstrumentationActivityInvoker$BootstrapActivity (has extras) }, activity=androidx.test.core.app.InstrumentationActivityInvoker$BootstrapActivity@f9a1f52
06-23 20:30:27.604 12604 12636 W ample.lunchtra: Accessing hidden method Lsun/misc/Unsafe;->compareAndSwapObject(Ljava/lang/Object;JLjava/lang/Object;Ljava/lang/Object;)Z (greylist, linking, allowed)
06-23 20:30:27.615 12604 12604 I ViewInteraction: Performing 'single click' action on view view.getId() is <2131231082/com.example.lunchtray:id/next_button>
06-23 20:30:27.628  2065  2078 I system_server: NativeAlloc concurrent copying GC freed 7749(681KB) AllocSpace objects, 2(40KB) LOS objects, 18% free, 26MB/32MB, paused 3.052ms total 527.340ms
06-23 20:30:27.893 12604 12636 I TestRunner: finished: navigate_to_side_menu_from_entree_menu(com.example.lunchtray.NavigationTests)
