06-23 20:30:55.850 12604 12636 I TestRunner: started: order_reset_after_cancel_from_side_menu(com.example.lunchtray.OrderFunctionalityTests)
06-23 20:30:55.886  2065  7692 D EGL_emulation: eglMakeCurrent: 0xe8250ea0: ver 3 0 (tinfo 0xc420a260)
06-23 20:30:55.905 12604 12636 W Settings: Setting always_finish_activities has moved from android.provider.Settings.System to android.provider.Settings.Global, returning read-only value.
06-23 20:30:55.944  2065  2962 W InputReader: Device has associated, but no associated display id.
06-23 20:30:55.949  2065  2962 I chatty  : uid=1000(system) Binder:2065_A identical 28 lines
06-23 20:30:55.949  2065  2962 W InputReader: Device has associated, but no associated display id.
06-23 20:30:55.949 12604 12604 W ActivityThread: handleWindowVisibility: no activity for token android.os.BinderProxy@d23c2f7
06-23 20:30:55.954  2065  2962 W InputReader: Device has associated, but no associated display id.
06-23 20:30:55.954  2065  2962 I chatty  : uid=1000(system) Binder:2065_A identical 8 lines
06-23 20:30:55.954  2065  2962 W InputReader: Device has associated, but no associated display id.
06-23 20:30:55.978 12604 12604 D LifecycleMonitor: Lifecycle status change: androidx.test.core.app.InstrumentationActivityInvoker$BootstrapActivity@fab7564 in: PRE_ON_CREATE
06-23 20:30:55.978 12604 12604 V ActivityScenario: Activity lifecycle changed event received but ignored because the intent does not match. startActivityIntent=Intent { act=android.intent.action.MAIN cat=[android.intent.category.LAUNCHER] cmp=com.example.lunchtray/androidx.fragment.app.testing.FragmentScenario$EmptyFragmentActivity (has extras) }, activity.getIntent()=Intent { act=android.intent.action.MAIN cat=[android.intent.category.LAUNCHER] flg=0x10008000 cmp=com.example.lunchtray/androidx.test.core.app.InstrumentationActivityInvoker$BootstrapActivity (has extras) }, activity=androidx.test.core.app.InstrumentationActivityInvoker$BootstrapActivity@fab7564
06-23 20:30:55.978 12604 12604 V ActivityScenario: Activity lifecycle changed event received but ignored because the intent does not match. startActivityIntent=Intent { act=android.intent.action.MAIN cat=[android.intent.category.LAUNCHER] cmp=com.example.lunchtray/.MainActivity }, activity.getIntent()=Intent { act=android.intent.action.MAIN cat=[android.intent.category.LAUNCHER] flg=0x10008000 cmp=com.example.lunchtray/androidx.test.core.app.InstrumentationActivityInvoker$BootstrapActivity (has extras) }, activity=androidx.test.core.app.InstrumentationActivityInvoker$BootstrapActivity@fab7564
06-23 20:30:55.989 12604 12604 D LifecycleMonitor: Lifecycle status change: androidx.test.core.app.InstrumentationActivityInvoker$BootstrapActivity@fab7564 in: CREATED
06-23 20:30:55.990 12604 12604 V ActivityScenario: Activity lifecycle changed event received but ignored because the intent does not match. startActivityIntent=Intent { act=android.intent.action.MAIN cat=[android.intent.category.LAUNCHER] cmp=com.example.lunchtray/androidx.fragment.app.testing.FragmentScenario$EmptyFragmentActivity (has extras) }, activity.getIntent()=Intent { act=android.intent.action.MAIN cat=[android.intent.category.LAUNCHER] flg=0x10008000 cmp=com.example.lunchtray/androidx.test.core.app.InstrumentationActivityInvoker$BootstrapActivity (has extras) }, activity=androidx.test.core.app.InstrumentationActivityInvoker$BootstrapActivity@fab7564
06-23 20:30:55.990 12604 12604 V ActivityScenario: Activity lifecycle changed event received but ignored because the intent does not match. startActivityIntent=Intent { act=android.intent.action.MAIN cat=[android.intent.category.LAUNCHER] cmp=com.example.lunchtray/.MainActivity }, activity.getIntent()=Intent { act=android.intent.action.MAIN cat=[android.intent.category.LAUNCHER] flg=0x10008000 cmp=com.example.lunchtray/androidx.test.core.app.InstrumentationActivityInvoker$BootstrapActivity (has extras) }, activity=androidx.test.core.app.InstrumentationActivityInvoker$BootstrapActivity@fab7564
06-23 20:30:55.993  1769  2786 D gralloc_ranchu: gralloc_alloc: Creating ashmem region of size 17051648
06-23 20:30:55.995 12604 12604 D LifecycleMonitor: Lifecycle status change: androidx.test.core.app.InstrumentationActivityInvoker$BootstrapActivity@fab7564 in: STARTED
06-23 20:30:55.995 12604 12604 V ActivityScenario: Activity lifecycle changed event received but ignored because the intent does not match. startActivityIntent=Intent { act=android.intent.action.MAIN cat=[android.intent.category.LAUNCHER] cmp=com.example.lunchtray/androidx.fragment.app.testing.FragmentScenario$EmptyFragmentActivity (has extras) }, activity.getIntent()=Intent { act=android.intent.action.MAIN cat=[android.intent.category.LAUNCHER] flg=0x10008000 cmp=com.example.lunchtray/androidx.test.core.app.InstrumentationActivityInvoker$BootstrapActivity (has extras) }, activity=androidx.test.core.app.InstrumentationActivityInvoker$BootstrapActivity@fab7564
06-23 20:30:55.995 12604 12604 V ActivityScenario: Activity lifecycle changed event received but ignored because the intent does not match. startActivityIntent=Intent { act=android.intent.action.MAIN cat=[android.intent.category.LAUNCHER] cmp=com.example.lunchtray/.MainActivity }, activity.getIntent()=Intent { act=android.intent.action.MAIN cat=[android.intent.category.LAUNCHER] flg=0x10008000 cmp=com.example.lunchtray/androidx.test.core.app.InstrumentationActivityInvoker$BootstrapActivity (has extras) }, activity=androidx.test.core.app.InstrumentationActivityInvoker$BootstrapActivity@fab7564
06-23 20:30:56.024 12604 12604 D LifecycleMonitor: Lifecycle status change: androidx.test.core.app.InstrumentationActivityInvoker$BootstrapActivity@fab7564 in: RESUMED
06-23 20:30:56.025 12604 12604 V ActivityScenario: Activity lifecycle changed event received but ignored because the intent does not match. startActivityIntent=Intent { act=android.intent.action.MAIN cat=[android.intent.category.LAUNCHER] cmp=com.example.lunchtray/androidx.fragment.app.testing.FragmentScenario$EmptyFragmentActivity (has extras) }, activity.getIntent()=Intent { act=android.intent.action.MAIN cat=[android.intent.category.LAUNCHER] flg=0x10008000 cmp=com.example.lunchtray/androidx.test.core.app.InstrumentationActivityInvoker$BootstrapActivity (has extras) }, activity=androidx.test.core.app.InstrumentationActivityInvoker$BootstrapActivity@fab7564
06-23 20:30:56.025 12604 12604 V ActivityScenario: Activity lifecycle changed event received but ignored because the intent does not match. startActivityIntent=Intent { act=android.intent.action.MAIN cat=[android.intent.category.LAUNCHER] cmp=com.example.lunchtray/.MainActivity }, activity.getIntent()=Intent { act=android.intent.action.MAIN cat=[android.intent.category.LAUNCHER] flg=0x10008000 cmp=com.example.lunchtray/androidx.test.core.app.InstrumentationActivityInvoker$BootstrapActivity (has extras) }, activity=androidx.test.core.app.InstrumentationActivityInvoker$BootstrapActivity@fab7564
06-23 20:30:56.027 12604 12604 D LifecycleMonitor: Lifecycle status change: androidx.test.core.app.InstrumentationActivityInvoker$BootstrapActivity@fab7564 in: PAUSED
06-23 20:30:56.027 12604 12604 V ActivityScenario: Activity lifecycle changed event received but ignored because the intent does not match. startActivityIntent=Intent { act=android.intent.action.MAIN cat=[android.intent.category.LAUNCHER] cmp=com.example.lunchtray/androidx.fragment.app.testing.FragmentScenario$EmptyFragmentActivity (has extras) }, activity.getIntent()=Intent { act=android.intent.action.MAIN cat=[android.intent.category.LAUNCHER] flg=0x10008000 cmp=com.example.lunchtray/androidx.test.core.app.InstrumentationActivityInvoker$BootstrapActivity (has extras) }, activity=androidx.test.core.app.InstrumentationActivityInvoker$BootstrapActivity@fab7564
06-23 20:30:56.027 12604 12604 V ActivityScenario: Activity lifecycle changed event received but ignored because the intent does not match. startActivityIntent=Intent { act=android.intent.action.MAIN cat=[android.intent.category.LAUNCHER] cmp=com.example.lunchtray/.MainActivity }, activity.getIntent()=Intent { act=android.intent.action.MAIN cat=[android.intent.category.LAUNCHER] flg=0x10008000 cmp=com.example.lunchtray/androidx.test.core.app.InstrumentationActivityInvoker$BootstrapActivity (has extras) }, activity=androidx.test.core.app.InstrumentationActivityInvoker$BootstrapActivity@fab7564
06-23 20:30:56.028  2065  4644 W InputReader: Device has associated, but no associated display id.
06-23 20:30:56.045  2065  4644 I chatty  : uid=1000(system) Binder:2065_1C identical 48 lines
06-23 20:30:56.045  2065  4644 W InputReader: Device has associated, but no associated display id.
06-23 20:30:56.052 12604 12604 W ActivityThread: handleWindowVisibility: no activity for token android.os.BinderProxy@26dafc9
06-23 20:30:56.075 12604 12604 D LifecycleMonitor: Lifecycle status change: com.example.lunchtray.MainActivity@6987f85 in: PRE_ON_CREATE
06-23 20:30:56.076 12604 12604 V ActivityScenario: Activity lifecycle changed event received but ignored because the intent does not match. startActivityIntent=Intent { act=android.intent.action.MAIN cat=[android.intent.category.LAUNCHER] cmp=com.example.lunchtray/androidx.fragment.app.testing.FragmentScenario$EmptyFragmentActivity (has extras) }, activity.getIntent()=Intent { act=android.intent.action.MAIN cat=[android.intent.category.LAUNCHER] cmp=com.example.lunchtray/.MainActivity }, activity=com.example.lunchtray.MainActivity@6987f85
06-23 20:30:56.076 12604 12604 V ActivityScenario: Activity lifecycle changed event received but ignored because the reported transition was not ON_CREATE while the last known transition was PRE_ON_CREATE
06-23 20:30:56.092  2065  2099 W InputReader: Device has associated, but no associated display id.
06-23 20:30:56.092  2065  2099 I chatty  : uid=1000(system) android.anim identical 8 lines
06-23 20:30:56.092  2065  2099 W InputReader: Device has associated, but no associated display id.
06-23 20:30:56.117  4184  4344 D EGL_emulation: eglMakeCurrent: 0xe011b4a0: ver 3 0 (tinfo 0xe010fcc0)
06-23 20:30:56.119 12604 12604 D LifecycleMonitor: Lifecycle status change: com.example.lunchtray.MainActivity@6987f85 in: CREATED
06-23 20:30:56.143 12604 12604 V ActivityScenario: Activity lifecycle changed event received but ignored because the intent does not match. startActivityIntent=Intent { act=android.intent.action.MAIN cat=[android.intent.category.LAUNCHER] cmp=com.example.lunchtray/androidx.fragment.app.testing.FragmentScenario$EmptyFragmentActivity (has extras) }, activity.getIntent()=Intent { act=android.intent.action.MAIN cat=[android.intent.category.LAUNCHER] cmp=com.example.lunchtray/.MainActivity }, activity=com.example.lunchtray.MainActivity@6987f85
06-23 20:30:56.143 12604 12604 V ActivityScenario: Update currentActivityStage to CREATED, currentActivity=com.example.lunchtray.MainActivity@6987f85
06-23 20:30:56.149  2909  3672 D EGL_emulation: eglMakeCurrent: 0xe011a900: ver 3 0 (tinfo 0xe010f8c0)
06-23 20:30:56.165 12604 12604 D LifecycleMonitor: Lifecycle status change: com.example.lunchtray.MainActivity@6987f85 in: STARTED
06-23 20:30:56.169 12604 12604 V ActivityScenario: Activity lifecycle changed event received but ignored because the intent does not match. startActivityIntent=Intent { act=android.intent.action.MAIN cat=[android.intent.category.LAUNCHER] cmp=com.example.lunchtray/androidx.fragment.app.testing.FragmentScenario$EmptyFragmentActivity (has extras) }, activity.getIntent()=Intent { act=android.intent.action.MAIN cat=[android.intent.category.LAUNCHER] cmp=com.example.lunchtray/.MainActivity }, activity=com.example.lunchtray.MainActivity@6987f85
06-23 20:30:56.169 12604 12604 V ActivityScenario: Update currentActivityStage to STARTED, currentActivity=com.example.lunchtray.MainActivity@6987f85
06-23 20:30:56.170 12604 12604 D LifecycleMonitor: Lifecycle status change: com.example.lunchtray.MainActivity@6987f85 in: RESUMED
06-23 20:30:56.171 12604 12604 V ActivityScenario: Activity lifecycle changed event received but ignored because the intent does not match. startActivityIntent=Intent { act=android.intent.action.MAIN cat=[android.intent.category.LAUNCHER] cmp=com.example.lunchtray/androidx.fragment.app.testing.FragmentScenario$EmptyFragmentActivity (has extras) }, activity.getIntent()=Intent { act=android.intent.action.MAIN cat=[android.intent.category.LAUNCHER] cmp=com.example.lunchtray/.MainActivity }, activity=com.example.lunchtray.MainActivity@6987f85
06-23 20:30:56.171 12604 12604 V ActivityScenario: Update currentActivityStage to RESUMED, currentActivity=com.example.lunchtray.MainActivity@6987f85
06-23 20:30:56.196  2240  2530 D EGL_emulation: eglMakeCurrent: 0xe81c4940: ver 3 0 (tinfo 0xdcd41670)
06-23 20:30:56.201  2240  2530 I chatty  : uid=10110(com.android.systemui) RenderThread identical 1 line
06-23 20:30:56.229  2240  2530 D EGL_emulation: eglMakeCurrent: 0xe81c4940: ver 3 0 (tinfo 0xdcd41670)
06-23 20:30:56.242  1769  2786 D gralloc_ranchu: gralloc_alloc: Creating ashmem region of size 17051648
06-23 20:30:56.261  2240  2530 D EGL_emulation: eglMakeCurrent: 0xe81c4940: ver 3 0 (tinfo 0xdcd41670)
06-23 20:30:56.277 12604 12638 D EGL_emulation: eglMakeCurrent: 0xf357fd00: ver 3 0 (tinfo 0xf35c0da0)
06-23 20:30:56.280  1769  2786 D gralloc_ranchu: gralloc_alloc: Creating ashmem region of size 17051648
06-23 20:30:56.296  1769  1819 D gralloc_ranchu: gralloc_alloc: Creating ashmem region of size 17051648
06-23 20:30:56.331  2065  2103 I ActivityTaskManager: Displayed com.example.lunchtray/.MainActivity: +400ms
06-23 20:30:56.344  2240  2530 D EGL_emulation: eglMakeCurrent: 0xe81c4940: ver 3 0 (tinfo 0xdcd41670)
06-23 20:30:56.360 12604 12604 I ViewInteraction: Performing 'single click' action on view view.getId() is <2131231209/com.example.lunchtray:id/start_order_btn>
06-23 20:30:56.435 12604 12604 D LifecycleMonitor: Lifecycle status change: androidx.test.core.app.InstrumentationActivityInvoker$BootstrapActivity@fab7564 in: STOPPED
06-23 20:30:56.435 12604 12604 V ActivityScenario: Activity lifecycle changed event received but ignored because the intent does not match. startActivityIntent=Intent { act=android.intent.action.MAIN cat=[android.intent.category.LAUNCHER] cmp=com.example.lunchtray/androidx.fragment.app.testing.FragmentScenario$EmptyFragmentActivity (has extras) }, activity.getIntent()=Intent { act=android.intent.action.MAIN cat=[android.intent.category.LAUNCHER] flg=0x10008000 cmp=com.example.lunchtray/androidx.test.core.app.InstrumentationActivityInvoker$BootstrapActivity (has extras) }, activity=androidx.test.core.app.InstrumentationActivityInvoker$BootstrapActivity@fab7564
06-23 20:30:56.435 12604 12604 V ActivityScenario: Activity lifecycle changed event received but ignored because the intent does not match. startActivityIntent=Intent { act=android.intent.action.MAIN cat=[android.intent.category.LAUNCHER] cmp=com.example.lunchtray/.MainActivity }, activity.getIntent()=Intent { act=android.intent.action.MAIN cat=[android.intent.category.LAUNCHER] flg=0x10008000 cmp=com.example.lunchtray/androidx.test.core.app.InstrumentationActivityInvoker$BootstrapActivity (has extras) }, activity=androidx.test.core.app.InstrumentationActivityInvoker$BootstrapActivity@fab7564
06-23 20:30:56.437  4184 12695 I PBSessionCacheImpl: Deleted sessionId[153998827213] from persistence.
06-23 20:30:56.443  2240  2530 D EGL_emulation: eglMakeCurrent: 0xe81c4940: ver 3 0 (tinfo 0xdcd41670)
06-23 20:30:56.480  2240  2530 D EGL_emulation: eglMakeCurrent: 0xe81c4940: ver 3 0 (tinfo 0xdcd41670)
06-23 20:30:56.499  4184  4268 W SearchServiceCore: Abort, client detached.
06-23 20:30:56.514  2240  2530 D EGL_emulation: eglMakeCurrent: 0xe81c4940: ver 3 0 (tinfo 0xdcd41670)
06-23 20:30:56.630  1797  1979 D AF::Track: interceptBuffer: took 244us to intercept 0 tracks
06-23 20:30:56.677  2065  2078 I system_server: NativeAlloc concurrent copying GC freed 8750(690KB) AllocSpace objects, 3(124KB) LOS objects, 18% free, 26MB/32MB, paused 3.163ms total 452.616ms
06-23 20:30:56.892 12604 12636 W ample.lunchtra: Accessing hidden method Lsun/misc/Unsafe;->compareAndSwapObject(Ljava/lang/Object;JLjava/lang/Object;Ljava/lang/Object;)Z (greylist, linking, allowed)
06-23 20:30:56.894 12604 12604 I ViewInteraction: Performing 'single click' action on view view.getId() is <2131230844/com.example.lunchtray:id/cauliflower>
06-23 20:30:57.245 12604 12636 W ample.lunchtra: Accessing hidden method Lsun/misc/Unsafe;->compareAndSwapObject(Ljava/lang/Object;JLjava/lang/Object;Ljava/lang/Object;)Z (greylist, linking, allowed)
06-23 20:30:57.246 12604 12604 I ViewInteraction: Performing 'single click' action on view view.getId() is <2131231082/com.example.lunchtray:id/next_button>
06-23 20:30:57.385  1759  5120 W audio_hw_generic: Not supplying enough data to HAL, expected position 94772531 , only wrote 94772197
06-23 20:30:57.387  1759  5120 W audio_hw_generic: Not supplying enough data to HAL, expected position 94772246 , only wrote 94772197
06-23 20:30:57.403  1759  5120 W audio_hw_generic: Not supplying enough data to HAL, expected position 94772922 , only wrote 94772858
06-23 20:30:57.669 12604 12636 W ample.lunchtra: Accessing hidden method Lsun/misc/Unsafe;->compareAndSwapObject(Ljava/lang/Object;JLjava/lang/Object;Ljava/lang/Object;)Z (greylist, linking, allowed)
06-23 20:30:57.671 12604 12604 I ViewInteraction: Performing 'single click' action on view view.getId() is <2131231188/com.example.lunchtray:id/soup>
06-23 20:30:57.978 12604 12636 W ample.lunchtra: Accessing hidden method Lsun/misc/Unsafe;->compareAndSwapObject(Ljava/lang/Object;JLjava/lang/Object;Ljava/lang/Object;)Z (greylist, linking, allowed)
06-23 20:30:57.978 12604 12604 I ViewInteraction: Performing 'single click' action on view view.getId() is <2131230842/com.example.lunchtray:id/cancel_button>
06-23 20:30:58.138  1759  5120 W audio_hw_generic: Not supplying enough data to HAL, expected position 94805280 , only wrote 94805247
06-23 20:30:58.139  1759  5120 W audio_hw_generic: Not supplying enough data to HAL, expected position 94805281 , only wrote 94805247
06-23 20:30:58.141  1797  1979 D AF::Track: interceptBuffer: took 446us to intercept 0 tracks
06-23 20:30:58.171  1797  1979 D AudioFlinger: mixer(0xea5275c0) throttle end: throttle time(10)
06-23 20:30:58.394  1759  5120 W audio_hw_generic: Not supplying enough data to HAL, expected position 94816512 , only wrote 94816484
06-23 20:30:58.396  1759  5120 W audio_hw_generic: Not supplying enough data to HAL, expected position 94816539 , only wrote 94816484
06-23 20:30:58.398 12604 12636 W ample.lunchtra: Accessing hidden method Lsun/misc/Unsafe;->compareAndSwapObject(Ljava/lang/Object;JLjava/lang/Object;Ljava/lang/Object;)Z (greylist, linking, allowed)
06-23 20:30:58.399 12604 12604 I ViewInteraction: Performing 'single click' action on view view.getId() is <2131231209/com.example.lunchtray:id/start_order_btn>
06-23 20:30:58.411  1759  5120 W audio_hw_generic: Not supplying enough data to HAL, expected position 94817176 , only wrote 94817145
06-23 20:30:58.504  1797  1979 D AF::Track: interceptBuffer: took 383us to intercept 0 tracks
06-23 20:30:58.762 12604 12636 W ample.lunchtra: Accessing hidden method Lsun/misc/Unsafe;->compareAndSwapObject(Ljava/lang/Object;JLjava/lang/Object;Ljava/lang/Object;)Z (greylist, linking, allowed)
06-23 20:30:58.773 12604 12604 I ViewInteraction: Checking 'MatchesViewAssertion{viewMatcher=(view has effective visibility <VISIBLE> and view.getGlobalVisibleRect() to return non-empty rectangle)}' assertion on view an instance of android.widget.TextView and view.getText() with or without transformation to match: is "Subtotal: $0.00"
06-23 20:30:58.776 12604 12636 I TestRunner: finished: order_reset_after_cancel_from_side_menu(com.example.lunchtray.OrderFunctionalityTests)
