06-23 20:30:15.147 12604 12636 I TestRunner: started: navigate_to_entree_menu_from_start_order(com.example.lunchtray.NavigationTests)
06-23 20:30:15.147 12604 12604 V ActivityScenario: Update currentActivityStage to DESTROYED, currentActivity=null
06-23 20:30:15.159  2065  7692 D EGL_emulation: eglMakeCurrent: 0xe8250d20: ver 3 0 (tinfo 0xc420a260)
06-23 20:30:15.163 12604 12636 W Settings: Setting always_finish_activities has moved from android.provider.Settings.System to android.provider.Settings.Global, returning read-only value.
06-23 20:30:15.232  2065  4416 W InputReader: Device has associated, but no associated display id.
06-23 20:30:15.239  2065  4416 I chatty  : uid=1000(system) Binder:2065_17 identical 38 lines
06-23 20:30:15.240  2065  4416 W InputReader: Device has associated, but no associated display id.
06-23 20:30:15.241 12604 12604 W ActivityThread: handleWindowVisibility: no activity for token android.os.BinderProxy@b9c96db
06-23 20:30:15.277 12604 12604 D LifecycleMonitor: Lifecycle status change: androidx.test.core.app.InstrumentationActivityInvoker$BootstrapActivity@52578 in: PRE_ON_CREATE
06-23 20:30:15.277 12604 12604 V ActivityScenario: Activity lifecycle changed event received but ignored because the intent does not match. startActivityIntent=Intent { act=android.intent.action.MAIN cat=[android.intent.category.LAUNCHER] cmp=com.example.lunchtray/androidx.fragment.app.testing.FragmentScenario$EmptyFragmentActivity (has extras) }, activity.getIntent()=Intent { act=android.intent.action.MAIN cat=[android.intent.category.LAUNCHER] flg=0x10008000 cmp=com.example.lunchtray/androidx.test.core.app.InstrumentationActivityInvoker$BootstrapActivity (has extras) }, activity=androidx.test.core.app.InstrumentationActivityInvoker$BootstrapActivity@52578
06-23 20:30:15.278 12604 12604 I chatty  : uid=10159(com.example.lunchtray) identical 4 lines
06-23 20:30:15.279 12604 12604 V ActivityScenario: Activity lifecycle changed event received but ignored because the intent does not match. startActivityIntent=Intent { act=android.intent.action.MAIN cat=[android.intent.category.LAUNCHER] cmp=com.example.lunchtray/androidx.fragment.app.testing.FragmentScenario$EmptyFragmentActivity (has extras) }, activity.getIntent()=Intent { act=android.intent.action.MAIN cat=[android.intent.category.LAUNCHER] flg=0x10008000 cmp=com.example.lunchtray/androidx.test.core.app.InstrumentationActivityInvoker$BootstrapActivity (has extras) }, activity=androidx.test.core.app.InstrumentationActivityInvoker$BootstrapActivity@52578
06-23 20:30:15.285  1769  2786 D gralloc_ranchu: gralloc_alloc: Creating ashmem region of size 17051648
06-23 20:30:15.309 12604 12604 D LifecycleMonitor: Lifecycle status change: androidx.test.core.app.InstrumentationActivityInvoker$BootstrapActivity@52578 in: CREATED
06-23 20:30:15.309 12604 12604 V ActivityScenario: Activity lifecycle changed event received but ignored because the intent does not match. startActivityIntent=Intent { act=android.intent.action.MAIN cat=[android.intent.category.LAUNCHER] cmp=com.example.lunchtray/androidx.fragment.app.testing.FragmentScenario$EmptyFragmentActivity (has extras) }, activity.getIntent()=Intent { act=android.intent.action.MAIN cat=[android.intent.category.LAUNCHER] flg=0x10008000 cmp=com.example.lunchtray/androidx.test.core.app.InstrumentationActivityInvoker$BootstrapActivity (has extras) }, activity=androidx.test.core.app.InstrumentationActivityInvoker$BootstrapActivity@52578
06-23 20:30:15.310 12604 12604 I chatty  : uid=10159(com.example.lunchtray) identical 4 lines
06-23 20:30:15.311 12604 12604 V ActivityScenario: Activity lifecycle changed event received but ignored because the intent does not match. startActivityIntent=Intent { act=android.intent.action.MAIN cat=[android.intent.category.LAUNCHER] cmp=com.example.lunchtray/androidx.fragment.app.testing.FragmentScenario$EmptyFragmentActivity (has extras) }, activity.getIntent()=Intent { act=android.intent.action.MAIN cat=[android.intent.category.LAUNCHER] flg=0x10008000 cmp=com.example.lunchtray/androidx.test.core.app.InstrumentationActivityInvoker$BootstrapActivity (has extras) }, activity=androidx.test.core.app.InstrumentationActivityInvoker$BootstrapActivity@52578
06-23 20:30:15.315 12604 12604 D LifecycleMonitor: Lifecycle status change: androidx.test.core.app.InstrumentationActivityInvoker$BootstrapActivity@52578 in: STARTED
06-23 20:30:15.315 12604 12604 V ActivityScenario: Activity lifecycle changed event received but ignored because the intent does not match. startActivityIntent=Intent { act=android.intent.action.MAIN cat=[android.intent.category.LAUNCHER] cmp=com.example.lunchtray/androidx.fragment.app.testing.FragmentScenario$EmptyFragmentActivity (has extras) }, activity.getIntent()=Intent { act=android.intent.action.MAIN cat=[android.intent.category.LAUNCHER] flg=0x10008000 cmp=com.example.lunchtray/androidx.test.core.app.InstrumentationActivityInvoker$BootstrapActivity (has extras) }, activity=androidx.test.core.app.InstrumentationActivityInvoker$BootstrapActivity@52578
06-23 20:30:15.315 12604 12604 I chatty  : uid=10159(com.example.lunchtray) identical 4 lines
06-23 20:30:15.315 12604 12604 V ActivityScenario: Activity lifecycle changed event received but ignored because the intent does not match. startActivityIntent=Intent { act=android.intent.action.MAIN cat=[android.intent.category.LAUNCHER] cmp=com.example.lunchtray/androidx.fragment.app.testing.FragmentScenario$EmptyFragmentActivity (has extras) }, activity.getIntent()=Intent { act=android.intent.action.MAIN cat=[android.intent.category.LAUNCHER] flg=0x10008000 cmp=com.example.lunchtray/androidx.test.core.app.InstrumentationActivityInvoker$BootstrapActivity (has extras) }, activity=androidx.test.core.app.InstrumentationActivityInvoker$BootstrapActivity@52578
06-23 20:30:15.347  2065  2099 W InputReader: Device has associated, but no associated display id.
06-23 20:30:15.347  2065  2099 I chatty  : uid=1000(system) android.anim identical 8 lines
06-23 20:30:15.347  2065  2099 W InputReader: Device has associated, but no associated display id.
06-23 20:30:15.356  2909  3672 D EGL_emulation: eglMakeCurrent: 0xe011a900: ver 3 0 (tinfo 0xe010f8c0)
06-23 20:30:15.375  4184  4344 D EGL_emulation: eglMakeCurrent: 0xe011b4a0: ver 3 0 (tinfo 0xe010fcc0)
06-23 20:30:15.400 12604 12604 D LifecycleMonitor: Lifecycle status change: androidx.test.core.app.InstrumentationActivityInvoker$BootstrapActivity@52578 in: RESUMED
06-23 20:30:15.401 12604 12604 V ActivityScenario: Activity lifecycle changed event received but ignored because the intent does not match. startActivityIntent=Intent { act=android.intent.action.MAIN cat=[android.intent.category.LAUNCHER] cmp=com.example.lunchtray/androidx.fragment.app.testing.FragmentScenario$EmptyFragmentActivity (has extras) }, activity.getIntent()=Intent { act=android.intent.action.MAIN cat=[android.intent.category.LAUNCHER] flg=0x10008000 cmp=com.example.lunchtray/androidx.test.core.app.InstrumentationActivityInvoker$BootstrapActivity (has extras) }, activity=androidx.test.core.app.InstrumentationActivityInvoker$BootstrapActivity@52578
06-23 20:30:15.402 12604 12604 I chatty  : uid=10159(com.example.lunchtray) identical 4 lines
06-23 20:30:15.402 12604 12604 V ActivityScenario: Activity lifecycle changed event received but ignored because the intent does not match. startActivityIntent=Intent { act=android.intent.action.MAIN cat=[android.intent.category.LAUNCHER] cmp=com.example.lunchtray/androidx.fragment.app.testing.FragmentScenario$EmptyFragmentActivity (has extras) }, activity.getIntent()=Intent { act=android.intent.action.MAIN cat=[android.intent.category.LAUNCHER] flg=0x10008000 cmp=com.example.lunchtray/androidx.test.core.app.InstrumentationActivityInvoker$BootstrapActivity (has extras) }, activity=androidx.test.core.app.InstrumentationActivityInvoker$BootstrapActivity@52578
06-23 20:30:15.404  2240  2530 D EGL_emulation: eglMakeCurrent: 0xe81c4940: ver 3 0 (tinfo 0xdcd41670)
06-23 20:30:15.429 12604 12604 D LifecycleMonitor: Lifecycle status change: androidx.test.core.app.InstrumentationActivityInvoker$BootstrapActivity@52578 in: PAUSED
06-23 20:30:15.430 12604 12604 V ActivityScenario: Activity lifecycle changed event received but ignored because the intent does not match. startActivityIntent=Intent { act=android.intent.action.MAIN cat=[android.intent.category.LAUNCHER] cmp=com.example.lunchtray/androidx.fragment.app.testing.FragmentScenario$EmptyFragmentActivity (has extras) }, activity.getIntent()=Intent { act=android.intent.action.MAIN cat=[android.intent.category.LAUNCHER] flg=0x10008000 cmp=com.example.lunchtray/androidx.test.core.app.InstrumentationActivityInvoker$BootstrapActivity (has extras) }, activity=androidx.test.core.app.InstrumentationActivityInvoker$BootstrapActivity@52578
06-23 20:30:15.430 12604 12604 I chatty  : uid=10159(com.example.lunchtray) identical 2 lines
06-23 20:30:15.431 12604 12604 V ActivityScenario: Activity lifecycle changed event received but ignored because the intent does not match. startActivityIntent=Intent { act=android.intent.action.MAIN cat=[android.intent.category.LAUNCHER] cmp=com.example.lunchtray/androidx.fragment.app.testing.FragmentScenario$EmptyFragmentActivity (has extras) }, activity.getIntent()=Intent { act=android.intent.action.MAIN cat=[android.intent.category.LAUNCHER] flg=0x10008000 cmp=com.example.lunchtray/androidx.test.core.app.InstrumentationActivityInvoker$BootstrapActivity (has extras) }, activity=androidx.test.core.app.InstrumentationActivityInvoker$BootstrapActivity@52578
06-23 20:30:15.431  2240  2530 D EGL_emulation: eglMakeCurrent: 0xe81c4940: ver 3 0 (tinfo 0xdcd41670)
06-23 20:30:15.434 12604 12604 V ActivityScenario: Activity lifecycle changed event received but ignored because the intent does not match. startActivityIntent=Intent { act=android.intent.action.MAIN cat=[android.intent.category.LAUNCHER] cmp=com.example.lunchtray/androidx.fragment.app.testing.FragmentScenario$EmptyFragmentActivity (has extras) }, activity.getIntent()=Intent { act=android.intent.action.MAIN cat=[android.intent.category.LAUNCHER] flg=0x10008000 cmp=com.example.lunchtray/androidx.test.core.app.InstrumentationActivityInvoker$BootstrapActivity (has extras) }, activity=androidx.test.core.app.InstrumentationActivityInvoker$BootstrapActivity@52578
06-23 20:30:15.438 12604 12604 V ActivityScenario: Activity lifecycle changed event received but ignored because the intent does not match. startActivityIntent=Intent { act=android.intent.action.MAIN cat=[android.intent.category.LAUNCHER] cmp=com.example.lunchtray/androidx.fragment.app.testing.FragmentScenario$EmptyFragmentActivity (has extras) }, activity.getIntent()=Intent { act=android.intent.action.MAIN cat=[android.intent.category.LAUNCHER] flg=0x10008000 cmp=com.example.lunchtray/androidx.test.core.app.InstrumentationActivityInvoker$BootstrapActivity (has extras) }, activity=androidx.test.core.app.InstrumentationActivityInvoker$BootstrapActivity@52578
06-23 20:30:15.442  2065  4416 W InputReader: Device has associated, but no associated display id.
06-23 20:30:15.452  2065  4416 I chatty  : uid=1000(system) Binder:2065_17 identical 38 lines
06-23 20:30:15.455  2065  4416 W InputReader: Device has associated, but no associated display id.
06-23 20:30:15.457  2240  2530 D EGL_emulation: eglMakeCurrent: 0xe81c4940: ver 3 0 (tinfo 0xdcd41670)
06-23 20:30:15.463  2065  4416 W InputReader: Device has associated, but no associated display id.
06-23 20:30:15.482  2065  4416 I chatty  : uid=1000(system) Binder:2065_17 identical 18 lines
06-23 20:30:15.482  2065  4416 W InputReader: Device has associated, but no associated display id.
06-23 20:30:15.497 12604 12604 W ActivityThread: handleWindowVisibility: no activity for token android.os.BinderProxy@9e6448d
06-23 20:30:15.507 12604 12604 D LifecycleMonitor: Lifecycle status change: androidx.fragment.app.testing.FragmentScenario$EmptyFragmentActivity@bff9c89 in: PRE_ON_CREATE
06-23 20:30:15.508 12604 12604 V ActivityScenario: Activity lifecycle changed event received but ignored because the reported transition was not ON_CREATE while the last known transition was DESTROYED
06-23 20:30:15.509 12604 12604 I chatty  : uid=10159(com.example.lunchtray) identical 3 lines
06-23 20:30:15.509 12604 12604 V ActivityScenario: Activity lifecycle changed event received but ignored because the reported transition was not ON_CREATE while the last known transition was DESTROYED
06-23 20:30:15.509 12604 12604 V ActivityScenario: Activity lifecycle changed event received but ignored because the reported transition was not ON_CREATE while the last known transition was PRE_ON_CREATE
06-23 20:30:15.529 12604 12604 D LifecycleMonitor: Lifecycle status change: androidx.fragment.app.testing.FragmentScenario$EmptyFragmentActivity@bff9c89 in: CREATED
06-23 20:30:15.529 12604 12604 V ActivityScenario: Update currentActivityStage to CREATED, currentActivity=androidx.fragment.app.testing.FragmentScenario$EmptyFragmentActivity@bff9c89
06-23 20:30:15.530 12604 12604 I chatty  : uid=10159(com.example.lunchtray) identical 4 lines
06-23 20:30:15.530 12604 12604 V ActivityScenario: Update currentActivityStage to CREATED, currentActivity=androidx.fragment.app.testing.FragmentScenario$EmptyFragmentActivity@bff9c89
06-23 20:30:15.551  2240  2530 D EGL_emulation: eglMakeCurrent: 0xe81c4940: ver 3 0 (tinfo 0xdcd41670)
06-23 20:30:15.558 12604 12604 D LifecycleMonitor: Lifecycle status change: androidx.fragment.app.testing.FragmentScenario$EmptyFragmentActivity@bff9c89 in: STARTED
06-23 20:30:15.558 12604 12604 V ActivityScenario: Update currentActivityStage to STARTED, currentActivity=androidx.fragment.app.testing.FragmentScenario$EmptyFragmentActivity@bff9c89
06-23 20:30:15.559 12604 12604 I chatty  : uid=10159(com.example.lunchtray) identical 4 lines
06-23 20:30:15.559 12604 12604 V ActivityScenario: Update currentActivityStage to STARTED, currentActivity=androidx.fragment.app.testing.FragmentScenario$EmptyFragmentActivity@bff9c89
06-23 20:30:15.560 12604 12604 D LifecycleMonitor: Lifecycle status change: androidx.fragment.app.testing.FragmentScenario$EmptyFragmentActivity@bff9c89 in: RESUMED
06-23 20:30:15.560 12604 12604 V ActivityScenario: Update currentActivityStage to RESUMED, currentActivity=androidx.fragment.app.testing.FragmentScenario$EmptyFragmentActivity@bff9c89
06-23 20:30:15.561 12604 12604 I chatty  : uid=10159(com.example.lunchtray) identical 4 lines
06-23 20:30:15.561 12604 12604 V ActivityScenario: Update currentActivityStage to RESUMED, currentActivity=androidx.fragment.app.testing.FragmentScenario$EmptyFragmentActivity@bff9c89
06-23 20:30:15.579  4184  9128 I PBSessionCacheImpl: Deleted sessionId[153998827200] from persistence.
06-23 20:30:15.597  2240  2530 D EGL_emulation: eglMakeCurrent: 0xe81c4940: ver 3 0 (tinfo 0xdcd41670)
06-23 20:30:15.616  1769  2786 D gralloc_ranchu: gralloc_alloc: Creating ashmem region of size 17051648
06-23 20:30:15.650  4184  4268 W SearchServiceCore: Abort, client detached.
06-23 20:30:15.656  1769  2786 D gralloc_ranchu: gralloc_alloc: Creating ashmem region of size 17051648
06-23 20:30:15.679 12604 12638 D EGL_emulation: eglMakeCurrent: 0xf357fd00: ver 3 0 (tinfo 0xf35c0da0)
06-23 20:30:15.686  1769  2785 D gralloc_ranchu: gralloc_alloc: Creating ashmem region of size 17051648
06-23 20:30:15.709  2240  2530 D EGL_emulation: eglMakeCurrent: 0xe81c4940: ver 3 0 (tinfo 0xdcd41670)
06-23 20:30:15.730  2065  2103 I ActivityTaskManager: Displayed com.example.lunchtray/androidx.fragment.app.testing.FragmentScenario$EmptyFragmentActivity: +537ms
06-23 20:30:15.845 12604 12636 W ample.lunchtra: Accessing hidden method Lsun/misc/Unsafe;->compareAndSwapObject(Ljava/lang/Object;JLjava/lang/Object;Ljava/lang/Object;)Z (greylist, linking, allowed)
06-23 20:30:15.846 12604 12636 W ample.lunchtra: Accessing hidden method Lsun/misc/Unsafe;->getObject(Ljava/lang/Object;J)Ljava/lang/Object; (greylist, linking, allowed)
06-23 20:30:15.847 12604 12604 I ViewInteraction: Performing 'single click' action on view view.getId() is <2131231209/com.example.lunchtray:id/start_order_btn>
06-23 20:30:15.966 12604 12604 D LifecycleMonitor: Lifecycle status change: androidx.test.core.app.InstrumentationActivityInvoker$BootstrapActivity@52578 in: STOPPED
06-23 20:30:15.966 12604 12604 V ActivityScenario: Activity lifecycle changed event received but ignored because the intent does not match. startActivityIntent=Intent { act=android.intent.action.MAIN cat=[android.intent.category.LAUNCHER] cmp=com.example.lunchtray/androidx.fragment.app.testing.FragmentScenario$EmptyFragmentActivity (has extras) }, activity.getIntent()=Intent { act=android.intent.action.MAIN cat=[android.intent.category.LAUNCHER] flg=0x10008000 cmp=com.example.lunchtray/androidx.test.core.app.InstrumentationActivityInvoker$BootstrapActivity (has extras) }, activity=androidx.test.core.app.InstrumentationActivityInvoker$BootstrapActivity@52578
06-23 20:30:15.970 12604 12604 I chatty  : uid=10159(com.example.lunchtray) identical 4 lines
06-23 20:30:15.970 12604 12604 V ActivityScenario: Activity lifecycle changed event received but ignored because the intent does not match. startActivityIntent=Intent { act=android.intent.action.MAIN cat=[android.intent.category.LAUNCHER] cmp=com.example.lunchtray/androidx.fragment.app.testing.FragmentScenario$EmptyFragmentActivity (has extras) }, activity.getIntent()=Intent { act=android.intent.action.MAIN cat=[android.intent.category.LAUNCHER] flg=0x10008000 cmp=com.example.lunchtray/androidx.test.core.app.InstrumentationActivityInvoker$BootstrapActivity (has extras) }, activity=androidx.test.core.app.InstrumentationActivityInvoker$BootstrapActivity@52578
06-23 20:30:15.972  2065  2078 I system_server: NativeAlloc concurrent copying GC freed 8810(720KB) AllocSpace objects, 5(228KB) LOS objects, 18% free, 26MB/32MB, paused 3.098ms total 674.866ms
06-23 20:30:16.219  1759  5120 W audio_hw_generic: Not supplying enough data to HAL, expected position 92977867 , only wrote 92977582
06-23 20:30:16.236  1759  5120 W audio_hw_generic: Not supplying enough data to HAL, expected position 92978314 , only wrote 92978243
06-23 20:30:16.247  1759  5120 W audio_hw_generic: Not supplying enough data to HAL, expected position 92978725 , only wrote 92978243
06-23 20:30:16.264  1759  5120 W audio_hw_generic: Not supplying enough data to HAL, expected position 92979016 , only wrote 92978904
06-23 20:30:16.282  1759  5120 W audio_hw_generic: Not supplying enough data to HAL, expected position 92979702 , only wrote 92979565
06-23 20:30:16.302  1759  5120 W audio_hw_generic: Not supplying enough data to HAL, expected position 92980422 , only wrote 92980226
06-23 20:30:16.323  1759  5120 W audio_hw_generic: Not supplying enough data to HAL, expected position 92981147 , only wrote 92980887
06-23 20:30:16.342 12604 12636 I TestRunner: finished: navigate_to_entree_menu_from_start_order(com.example.lunchtray.NavigationTests)
