06-23 20:30:20.320 12604 12636 I TestRunner: started: navigate_to_start_order_from_accompaniment_menu(com.example.lunchtray.NavigationTests)
06-23 20:30:20.339 12604 12636 W Settings: Setting always_finish_activities has moved from android.provider.Settings.System to android.provider.Settings.Global, returning read-only value.
06-23 20:30:20.449  2065  4759 W InputReader: Device has associated, but no associated display id.
06-23 20:30:20.458  2065  4759 I chatty  : uid=1000(system) Binder:2065_1E identical 28 lines
06-23 20:30:20.458  2065  4759 W InputReader: Device has associated, but no associated display id.
06-23 20:30:20.465 12604 12604 W ActivityThread: handleWindowVisibility: no activity for token android.os.BinderProxy@751146d
06-23 20:30:20.465  2065  4759 W InputReader: Device has associated, but no associated display id.
06-23 20:30:20.467  2065  4759 I chatty  : uid=1000(system) Binder:2065_1E identical 8 lines
06-23 20:30:20.467  2065  4759 W InputReader: Device has associated, but no associated display id.
06-23 20:30:20.508  1769  1819 D gralloc_ranchu: gralloc_alloc: Creating ashmem region of size 17051648
06-23 20:30:20.568 12604 12604 D LifecycleMonitor: Lifecycle status change: androidx.test.core.app.InstrumentationActivityInvoker$BootstrapActivity@b0d18a2 in: PRE_ON_CREATE
06-23 20:30:20.569 12604 12604 V ActivityScenario: Activity lifecycle changed event received but ignored because the intent does not match. startActivityIntent=Intent { act=android.intent.action.MAIN cat=[android.intent.category.LAUNCHER] cmp=com.example.lunchtray/androidx.fragment.app.testing.FragmentScenario$EmptyFragmentActivity (has extras) }, activity.getIntent()=Intent { act=android.intent.action.MAIN cat=[android.intent.category.LAUNCHER] flg=0x10008000 cmp=com.example.lunchtray/androidx.test.core.app.InstrumentationActivityInvoker$BootstrapActivity (has extras) }, activity=androidx.test.core.app.InstrumentationActivityInvoker$BootstrapActivity@b0d18a2
06-23 20:30:20.569 12604 12604 I chatty  : uid=10159(com.example.lunchtray) identical 6 lines
06-23 20:30:20.569 12604 12604 V ActivityScenario: Activity lifecycle changed event received but ignored because the intent does not match. startActivityIntent=Intent { act=android.intent.action.MAIN cat=[android.intent.category.LAUNCHER] cmp=com.example.lunchtray/androidx.fragment.app.testing.FragmentScenario$EmptyFragmentActivity (has extras) }, activity.getIntent()=Intent { act=android.intent.action.MAIN cat=[android.intent.category.LAUNCHER] flg=0x10008000 cmp=com.example.lunchtray/androidx.test.core.app.InstrumentationActivityInvoker$BootstrapActivity (has extras) }, activity=androidx.test.core.app.InstrumentationActivityInvoker$BootstrapActivity@b0d18a2
06-23 20:30:20.580 12604 12604 D LifecycleMonitor: Lifecycle status change: androidx.test.core.app.InstrumentationActivityInvoker$BootstrapActivity@b0d18a2 in: CREATED
06-23 20:30:20.580 12604 12604 V ActivityScenario: Activity lifecycle changed event received but ignored because the intent does not match. startActivityIntent=Intent { act=android.intent.action.MAIN cat=[android.intent.category.LAUNCHER] cmp=com.example.lunchtray/androidx.fragment.app.testing.FragmentScenario$EmptyFragmentActivity (has extras) }, activity.getIntent()=Intent { act=android.intent.action.MAIN cat=[android.intent.category.LAUNCHER] flg=0x10008000 cmp=com.example.lunchtray/androidx.test.core.app.InstrumentationActivityInvoker$BootstrapActivity (has extras) }, activity=androidx.test.core.app.InstrumentationActivityInvoker$BootstrapActivity@b0d18a2
06-23 20:30:20.581 12604 12604 I chatty  : uid=10159(com.example.lunchtray) identical 6 lines
06-23 20:30:20.582 12604 12604 V ActivityScenario: Activity lifecycle changed event received but ignored because the intent does not match. startActivityIntent=Intent { act=android.intent.action.MAIN cat=[android.intent.category.LAUNCHER] cmp=com.example.lunchtray/androidx.fragment.app.testing.FragmentScenario$EmptyFragmentActivity (has extras) }, activity.getIntent()=Intent { act=android.intent.action.MAIN cat=[android.intent.category.LAUNCHER] flg=0x10008000 cmp=com.example.lunchtray/androidx.test.core.app.InstrumentationActivityInvoker$BootstrapActivity (has extras) }, activity=androidx.test.core.app.InstrumentationActivityInvoker$BootstrapActivity@b0d18a2
06-23 20:30:20.586 12604 12604 D LifecycleMonitor: Lifecycle status change: androidx.test.core.app.InstrumentationActivityInvoker$BootstrapActivity@b0d18a2 in: STARTED
06-23 20:30:20.587 12604 12604 V ActivityScenario: Activity lifecycle changed event received but ignored because the intent does not match. startActivityIntent=Intent { act=android.intent.action.MAIN cat=[android.intent.category.LAUNCHER] cmp=com.example.lunchtray/androidx.fragment.app.testing.FragmentScenario$EmptyFragmentActivity (has extras) }, activity.getIntent()=Intent { act=android.intent.action.MAIN cat=[android.intent.category.LAUNCHER] flg=0x10008000 cmp=com.example.lunchtray/androidx.test.core.app.InstrumentationActivityInvoker$BootstrapActivity (has extras) }, activity=androidx.test.core.app.InstrumentationActivityInvoker$BootstrapActivity@b0d18a2
06-23 20:30:20.588 12604 12604 I chatty  : uid=10159(com.example.lunchtray) identical 6 lines
06-23 20:30:20.589 12604 12604 V ActivityScenario: Activity lifecycle changed event received but ignored because the intent does not match. startActivityIntent=Intent { act=android.intent.action.MAIN cat=[android.intent.category.LAUNCHER] cmp=com.example.lunchtray/androidx.fragment.app.testing.FragmentScenario$EmptyFragmentActivity (has extras) }, activity.getIntent()=Intent { act=android.intent.action.MAIN cat=[android.intent.category.LAUNCHER] flg=0x10008000 cmp=com.example.lunchtray/androidx.test.core.app.InstrumentationActivityInvoker$BootstrapActivity (has extras) }, activity=androidx.test.core.app.InstrumentationActivityInvoker$BootstrapActivity@b0d18a2
06-23 20:30:20.591  2065  2099 W InputReader: Device has associated, but no associated display id.
06-23 20:30:20.592  2065  2099 I chatty  : uid=1000(system) android.anim identical 8 lines
06-23 20:30:20.592  2065  2099 W InputReader: Device has associated, but no associated display id.
06-23 20:30:20.606  2240  2530 D EGL_emulation: eglMakeCurrent: 0xe81c4940: ver 3 0 (tinfo 0xdcd41670)
06-23 20:30:20.627  4184  4344 D EGL_emulation: eglMakeCurrent: 0xe011b4a0: ver 3 0 (tinfo 0xe010fcc0)
06-23 20:30:20.628  2909  3672 D EGL_emulation: eglMakeCurrent: 0xe011a900: ver 3 0 (tinfo 0xe010f8c0)
06-23 20:30:20.632 12604 12604 D LifecycleMonitor: Lifecycle status change: androidx.test.core.app.InstrumentationActivityInvoker$BootstrapActivity@b0d18a2 in: RESUMED
06-23 20:30:20.632 12604 12604 V ActivityScenario: Activity lifecycle changed event received but ignored because the intent does not match. startActivityIntent=Intent { act=android.intent.action.MAIN cat=[android.intent.category.LAUNCHER] cmp=com.example.lunchtray/androidx.fragment.app.testing.FragmentScenario$EmptyFragmentActivity (has extras) }, activity.getIntent()=Intent { act=android.intent.action.MAIN cat=[android.intent.category.LAUNCHER] flg=0x10008000 cmp=com.example.lunchtray/androidx.test.core.app.InstrumentationActivityInvoker$BootstrapActivity (has extras) }, activity=androidx.test.core.app.InstrumentationActivityInvoker$BootstrapActivity@b0d18a2
06-23 20:30:20.635 12604 12604 I chatty  : uid=10159(com.example.lunchtray) identical 6 lines
06-23 20:30:20.635 12604 12604 V ActivityScenario: Activity lifecycle changed event received but ignored because the intent does not match. startActivityIntent=Intent { act=android.intent.action.MAIN cat=[android.intent.category.LAUNCHER] cmp=com.example.lunchtray/androidx.fragment.app.testing.FragmentScenario$EmptyFragmentActivity (has extras) }, activity.getIntent()=Intent { act=android.intent.action.MAIN cat=[android.intent.category.LAUNCHER] flg=0x10008000 cmp=com.example.lunchtray/androidx.test.core.app.InstrumentationActivityInvoker$BootstrapActivity (has extras) }, activity=androidx.test.core.app.InstrumentationActivityInvoker$BootstrapActivity@b0d18a2
06-23 20:30:20.645  2240  2530 D EGL_emulation: eglMakeCurrent: 0xe81c4940: ver 3 0 (tinfo 0xdcd41670)
06-23 20:30:20.661 12604 12604 D LifecycleMonitor: Lifecycle status change: androidx.test.core.app.InstrumentationActivityInvoker$BootstrapActivity@b0d18a2 in: PAUSED
06-23 20:30:20.661 12604 12604 V ActivityScenario: Activity lifecycle changed event received but ignored because the intent does not match. startActivityIntent=Intent { act=android.intent.action.MAIN cat=[android.intent.category.LAUNCHER] cmp=com.example.lunchtray/androidx.fragment.app.testing.FragmentScenario$EmptyFragmentActivity (has extras) }, activity.getIntent()=Intent { act=android.intent.action.MAIN cat=[android.intent.category.LAUNCHER] flg=0x10008000 cmp=com.example.lunchtray/androidx.test.core.app.InstrumentationActivityInvoker$BootstrapActivity (has extras) }, activity=androidx.test.core.app.InstrumentationActivityInvoker$BootstrapActivity@b0d18a2
06-23 20:30:20.663 12604 12604 I chatty  : uid=10159(com.example.lunchtray) identical 6 lines
06-23 20:30:20.663 12604 12604 V ActivityScenario: Activity lifecycle changed event received but ignored because the intent does not match. startActivityIntent=Intent { act=android.intent.action.MAIN cat=[android.intent.category.LAUNCHER] cmp=com.example.lunchtray/androidx.fragment.app.testing.FragmentScenario$EmptyFragmentActivity (has extras) }, activity.getIntent()=Intent { act=android.intent.action.MAIN cat=[android.intent.category.LAUNCHER] flg=0x10008000 cmp=com.example.lunchtray/androidx.test.core.app.InstrumentationActivityInvoker$BootstrapActivity (has extras) }, activity=androidx.test.core.app.InstrumentationActivityInvoker$BootstrapActivity@b0d18a2
06-23 20:30:20.667  2065  4642 W InputReader: Device has associated, but no associated display id.
06-23 20:30:20.673  2065  4642 I chatty  : uid=1000(system) Binder:2065_1A identical 28 lines
06-23 20:30:20.673  2065  4642 W InputReader: Device has associated, but no associated display id.
06-23 20:30:20.683  2240  2530 D EGL_emulation: eglMakeCurrent: 0xe81c4940: ver 3 0 (tinfo 0xdcd41670)
06-23 20:30:20.692  2065  4642 W InputReader: Device has associated, but no associated display id.
06-23 20:30:20.698  2065  4642 I chatty  : uid=1000(system) Binder:2065_1A identical 19 lines
06-23 20:30:20.706  2065  4642 W InputReader: Device has associated, but no associated display id.
06-23 20:30:20.706  2240  2530 D EGL_emulation: eglMakeCurrent: 0xe81c4940: ver 3 0 (tinfo 0xdcd41670)
06-23 20:30:20.706  2065  4642 W InputReader: Device has associated, but no associated display id.
06-23 20:30:20.707  2065  4642 I chatty  : uid=1000(system) Binder:2065_1A identical 7 lines
06-23 20:30:20.707  2065  4642 W InputReader: Device has associated, but no associated display id.
06-23 20:30:20.714 12604 12604 W ActivityThread: handleWindowVisibility: no activity for token android.os.BinderProxy@299058f
06-23 20:30:20.731  2240  2530 D EGL_emulation: eglMakeCurrent: 0xe81c4940: ver 3 0 (tinfo 0xdcd41670)
06-23 20:30:20.749 12604 12604 D LifecycleMonitor: Lifecycle status change: androidx.fragment.app.testing.FragmentScenario$EmptyFragmentActivity@faa6bab in: PRE_ON_CREATE
06-23 20:30:20.750 12604 12604 V ActivityScenario: Activity lifecycle changed event received but ignored because the reported transition was not ON_CREATE while the last known transition was DESTROYED
06-23 20:30:20.760 12604 12604 I chatty  : uid=10159(com.example.lunchtray) identical 5 lines
06-23 20:30:20.760 12604 12604 V ActivityScenario: Activity lifecycle changed event received but ignored because the reported transition was not ON_CREATE while the last known transition was DESTROYED
06-23 20:30:20.760 12604 12604 V ActivityScenario: Activity lifecycle changed event received but ignored because the reported transition was not ON_CREATE while the last known transition was PRE_ON_CREATE
06-23 20:30:20.774  2240  2530 D EGL_emulation: eglMakeCurrent: 0xe81c4940: ver 3 0 (tinfo 0xdcd41670)
06-23 20:30:20.805  2240  2530 D EGL_emulation: eglMakeCurrent: 0xe81c4940: ver 3 0 (tinfo 0xdcd41670)
06-23 20:30:20.815 12604 12604 D LifecycleMonitor: Lifecycle status change: androidx.fragment.app.testing.FragmentScenario$EmptyFragmentActivity@faa6bab in: CREATED
06-23 20:30:20.816 12604 12604 V ActivityScenario: Update currentActivityStage to CREATED, currentActivity=androidx.fragment.app.testing.FragmentScenario$EmptyFragmentActivity@faa6bab
06-23 20:30:20.816 12604 12604 I chatty  : uid=10159(com.example.lunchtray) identical 6 lines
06-23 20:30:20.816 12604 12604 V ActivityScenario: Update currentActivityStage to CREATED, currentActivity=androidx.fragment.app.testing.FragmentScenario$EmptyFragmentActivity@faa6bab
06-23 20:30:20.840  2240  2530 D EGL_emulation: eglMakeCurrent: 0xe81c4940: ver 3 0 (tinfo 0xdcd41670)
06-23 20:30:20.849  4184  9128 I PBSessionCacheImpl: Deleted sessionId[153998827202] from persistence.
06-23 20:30:20.862 12604 12604 D LifecycleMonitor: Lifecycle status change: androidx.fragment.app.testing.FragmentScenario$EmptyFragmentActivity@faa6bab in: STARTED
06-23 20:30:20.862 12604 12604 V ActivityScenario: Update currentActivityStage to STARTED, currentActivity=androidx.fragment.app.testing.FragmentScenario$EmptyFragmentActivity@faa6bab
06-23 20:30:20.864 12604 12604 I chatty  : uid=10159(com.example.lunchtray) identical 6 lines
06-23 20:30:20.864 12604 12604 V ActivityScenario: Update currentActivityStage to STARTED, currentActivity=androidx.fragment.app.testing.FragmentScenario$EmptyFragmentActivity@faa6bab
06-23 20:30:20.865 12604 12604 D LifecycleMonitor: Lifecycle status change: androidx.fragment.app.testing.FragmentScenario$EmptyFragmentActivity@faa6bab in: RESUMED
06-23 20:30:20.865 12604 12604 V ActivityScenario: Update currentActivityStage to RESUMED, currentActivity=androidx.fragment.app.testing.FragmentScenario$EmptyFragmentActivity@faa6bab
06-23 20:30:20.866 12604 12604 I chatty  : uid=10159(com.example.lunchtray) identical 6 lines
06-23 20:30:20.866 12604 12604 V ActivityScenario: Update currentActivityStage to RESUMED, currentActivity=androidx.fragment.app.testing.FragmentScenario$EmptyFragmentActivity@faa6bab
06-23 20:30:20.899  4184  4268 W SearchServiceCore: Abort, client detached.
06-23 20:30:20.942  1769  1819 D gralloc_ranchu: gralloc_alloc: Creating ashmem region of size 17051648
06-23 20:30:20.980  1769  1819 D gralloc_ranchu: gralloc_alloc: Creating ashmem region of size 17051648
06-23 20:30:21.004 12604 12638 D EGL_emulation: eglMakeCurrent: 0xf357fd00: ver 3 0 (tinfo 0xf35c0da0)
06-23 20:30:21.005  1769  2785 D gralloc_ranchu: gralloc_alloc: Creating ashmem region of size 17051648
06-23 20:30:21.060  2065  2103 I ActivityTaskManager: Displayed com.example.lunchtray/androidx.fragment.app.testing.FragmentScenario$EmptyFragmentActivity: +668ms
06-23 20:30:21.181  2065  2078 I system_server: NativeAlloc concurrent copying GC freed 6657(561KB) AllocSpace objects, 1(20KB) LOS objects, 18% free, 26MB/32MB, paused 6.943ms total 767.718ms
06-23 20:30:21.207 12604 12604 D LifecycleMonitor: Lifecycle status change: androidx.test.core.app.InstrumentationActivityInvoker$BootstrapActivity@b0d18a2 in: STOPPED
06-23 20:30:21.207 12604 12604 V ActivityScenario: Activity lifecycle changed event received but ignored because the intent does not match. startActivityIntent=Intent { act=android.intent.action.MAIN cat=[android.intent.category.LAUNCHER] cmp=com.example.lunchtray/androidx.fragment.app.testing.FragmentScenario$EmptyFragmentActivity (has extras) }, activity.getIntent()=Intent { act=android.intent.action.MAIN cat=[android.intent.category.LAUNCHER] flg=0x10008000 cmp=com.example.lunchtray/androidx.test.core.app.InstrumentationActivityInvoker$BootstrapActivity (has extras) }, activity=androidx.test.core.app.InstrumentationActivityInvoker$BootstrapActivity@b0d18a2
06-23 20:30:21.207 12604 12604 I chatty  : uid=10159(com.example.lunchtray) identical 6 lines
06-23 20:30:21.207 12604 12604 V ActivityScenario: Activity lifecycle changed event received but ignored because the intent does not match. startActivityIntent=Intent { act=android.intent.action.MAIN cat=[android.intent.category.LAUNCHER] cmp=com.example.lunchtray/androidx.fragment.app.testing.FragmentScenario$EmptyFragmentActivity (has extras) }, activity.getIntent()=Intent { act=android.intent.action.MAIN cat=[android.intent.category.LAUNCHER] flg=0x10008000 cmp=com.example.lunchtray/androidx.test.core.app.InstrumentationActivityInvoker$BootstrapActivity (has extras) }, activity=androidx.test.core.app.InstrumentationActivityInvoker$BootstrapActivity@b0d18a2
06-23 20:30:21.348 12604 12636 W ample.lunchtra: Accessing hidden method Lsun/misc/Unsafe;->compareAndSwapObject(Ljava/lang/Object;JLjava/lang/Object;Ljava/lang/Object;)Z (greylist, linking, allowed)
06-23 20:30:21.350 12604 12604 I ViewInteraction: Performing 'single click' action on view view.getId() is <2131230842/com.example.lunchtray:id/cancel_button>
06-23 20:30:21.635 12604 12636 I TestRunner: finished: navigate_to_start_order_from_accompaniment_menu(com.example.lunchtray.NavigationTests)
